Java HotSpot(TM) 64-Bit Server VM (25.131-b11) for linux-amd64 JRE (1.8.0_131-b11), built on Mar 15 2017 01:23:40 by "java_re" with gcc 4.3.0 20080428 (Red Hat 4.3.0-8)
Memory: 4k page, physical 3865528k(3386576k free), swap 4064252k(4064252k free)
CommandLine flags: -XX:+DisableExplicitGC -XX:InitialHeapSize=1073741824 -XX:InitiatingHeapOccupancyPercent=35 -XX:+ManagementServer -XX:MaxGCPauseMillis=20 -XX:MaxHeapSize=1073741824 -XX:+PrintGC -XX:+PrintGCDateStamps -XX:+PrintGCDetails -XX:+PrintGCTimeStamps -XX:+UseCompressedClassPointers -XX:+UseCompressedOops -XX:+UseG1GC 
2017-06-07T09:35:19.769+0800: 12.327: [GC pause (G1 Evacuation Pause) (young), 0.0363374 secs]
   [Parallel Time: 22.9 ms, GC Workers: 1]
      [GC Worker Start (ms):  12326.8]
      [Ext Root Scanning (ms):  3.5]
      [Update RS (ms):  0.0]
         [Processed Buffers:  0]
      [Scan RS (ms):  0.0]
      [Code Root Scanning (ms):  0.6]
      [Object Copy (ms):  18.7]
      [Termination (ms):  0.0]
         [Termination Attempts:  1]
      [GC Worker Other (ms):  0.0]
      [GC Worker Total (ms):  22.9]
      [GC Worker End (ms):  12349.7]
   [Code Root Fixup: 0.1 ms]
   [Code Root Purge: 0.0 ms]
   [Clear CT: 0.0 ms]
   [Other: 13.3 ms]
      [Choose CSet: 0.0 ms]
      [Ref Proc: 12.8 ms]
      [Ref Enq: 0.0 ms]
      [Redirty Cards: 0.0 ms]
      [Humongous Register: 0.0 ms]
      [Humongous Reclaim: 0.0 ms]
      [Free CSet: 0.1 ms]
   [Eden: 51.0M(51.0M)->0.0B(44.0M) Survivors: 0.0B->7168.0K Heap: 51.0M(1024.0M)->8864.0K(1024.0M)]
 [Times: user=0.02 sys=0.02, real=0.04 secs] 
2017-06-07T09:35:22.697+0800: 15.255: [GC pause (Metadata GC Threshold) (young) (initial-mark), 0.0133902 secs]
   [Parallel Time: 12.1 ms, GC Workers: 1]
      [GC Worker Start (ms):  15254.8]
      [Ext Root Scanning (ms):  2.3]
      [Update RS (ms):  0.1]
         [Processed Buffers:  1]
      [Scan RS (ms):  0.3]
      [Code Root Scanning (ms):  1.4]
      [Object Copy (ms):  7.8]
      [Termination (ms):  0.0]
         [Termination Attempts:  1]
      [GC Worker Other (ms):  0.1]
      [GC Worker Total (ms):  12.0]
      [GC Worker End (ms):  15266.8]
   [Code Root Fixup: 0.5 ms]
   [Code Root Purge: 0.0 ms]
   [Clear CT: 0.0 ms]
   [Other: 0.7 ms]
      [Choose CSet: 0.0 ms]
      [Ref Proc: 0.3 ms]
      [Ref Enq: 0.0 ms]
      [Redirty Cards: 0.0 ms]
      [Humongous Register: 0.0 ms]
      [Humongous Reclaim: 0.0 ms]
      [Free CSet: 0.1 ms]
   [Eden: 18.0M(44.0M)->0.0B(45.0M) Survivors: 7168.0K->6144.0K Heap: 153.9M(1024.0M)->135.7M(1024.0M)]
 [Times: user=0.01 sys=0.00, real=0.02 secs] 
2017-06-07T09:35:22.711+0800: 15.268: [GC concurrent-root-region-scan-start]
2017-06-07T09:35:22.738+0800: 15.296: [GC concurrent-root-region-scan-end, 0.0272997 secs]
2017-06-07T09:35:22.738+0800: 15.296: [GC concurrent-mark-start]
2017-06-07T09:35:22.774+0800: 15.332: [GC concurrent-mark-end, 0.0357864 secs]
2017-06-07T09:35:22.775+0800: 15.332: [GC remark 2017-06-07T09:35:22.775+0800: 15.332: [Finalize Marking, 0.0000435 secs] 2017-06-07T09:35:22.775+0800: 15.332: [GC ref-proc, 0.0002502 secs] 2017-06-07T09:35:22.775+0800: 15.332: [Unloading, 0.0065558 secs], 0.0083662 secs]
 [Times: user=0.01 sys=0.01, real=0.01 secs] 
2017-06-07T09:35:22.791+0800: 15.349: [GC cleanup 137M->136M(1024M), 0.0016601 secs]
 [Times: user=0.01 sys=0.00, real=0.00 secs] 
2017-06-07T09:35:22.794+0800: 15.351: [GC concurrent-cleanup-start]
2017-06-07T09:35:22.794+0800: 15.351: [GC concurrent-cleanup-end, 0.0002370 secs]
2017-06-07T09:35:24.512+0800: 17.069: [GC pause (G1 Evacuation Pause) (young) (initial-mark), 0.0315476 secs]
   [Parallel Time: 28.8 ms, GC Workers: 1]
      [GC Worker Start (ms):  17069.5]
      [Ext Root Scanning (ms):  3.0]
      [Update RS (ms):  0.0]
         [Processed Buffers:  1]
      [Scan RS (ms):  0.0]
      [Code Root Scanning (ms):  2.0]
      [Object Copy (ms):  23.5]
      [Termination (ms):  0.0]
         [Termination Attempts:  1]
      [GC Worker Other (ms):  0.0]
      [GC Worker Total (ms):  28.5]
      [GC Worker End (ms):  17098.0]
   [Code Root Fixup: 0.5 ms]
   [Code Root Purge: 0.0 ms]
   [Clear CT: 0.2 ms]
   [Other: 2.0 ms]
      [Choose CSet: 0.0 ms]
      [Ref Proc: 1.2 ms]
      [Ref Enq: 0.0 ms]
      [Redirty Cards: 0.0 ms]
      [Humongous Register: 0.0 ms]
      [Humongous Reclaim: 0.0 ms]
      [Free CSet: 0.2 ms]
   [Eden: 45.0M(45.0M)->0.0B(46.0M) Survivors: 6144.0K->5120.0K Heap: 179.0M(1024.0M)->136.6M(1024.0M)]
 [Times: user=0.03 sys=0.00, real=0.03 secs] 
2017-06-07T09:35:24.547+0800: 17.105: [GC concurrent-root-region-scan-start]
2017-06-07T09:35:24.551+0800: 17.109: [GC concurrent-root-region-scan-end, 0.0037646 secs]
2017-06-07T09:35:24.551+0800: 17.109: [GC concurrent-mark-start]
2017-06-07T09:35:24.558+0800: 17.115: [GC concurrent-mark-end, 0.0066055 secs]
2017-06-07T09:35:24.558+0800: 17.115: [GC remark 2017-06-07T09:35:24.558+0800: 17.115: [Finalize Marking, 0.0001130 secs] 2017-06-07T09:35:24.558+0800: 17.115: [GC ref-proc, 0.0000986 secs] 2017-06-07T09:35:24.558+0800: 17.115: [Unloading, 0.0082046 secs], 0.0095632 secs]
 [Times: user=0.01 sys=0.00, real=0.01 secs] 
2017-06-07T09:35:24.576+0800: 17.133: [GC cleanup 136M->136M(1024M), 0.0015504 secs]
 [Times: user=0.01 sys=0.00, real=0.00 secs] 
2017-06-07T09:35:25.063+0800: 17.620: [GC pause (G1 Evacuation Pause) (young), 0.0184667 secs]
   [Parallel Time: 6.0 ms, GC Workers: 1]
      [GC Worker Start (ms):  17620.1]
      [Ext Root Scanning (ms):  1.9]
      [Update RS (ms):  0.1]
         [Processed Buffers:  8]
      [Scan RS (ms):  0.5]
      [Code Root Scanning (ms):  0.5]
      [Object Copy (ms):  2.9]
      [Termination (ms):  0.0]
         [Termination Attempts:  1]
      [GC Worker Other (ms):  0.0]
      [GC Worker Total (ms):  5.9]
      [GC Worker End (ms):  17626.1]
   [Code Root Fixup: 0.3 ms]
   [Code Root Purge: 0.0 ms]
   [Clear CT: 0.0 ms]
   [Other: 12.2 ms]
      [Choose CSet: 0.0 ms]
      [Ref Proc: 11.6 ms]
      [Ref Enq: 0.0 ms]
      [Redirty Cards: 0.0 ms]
      [Humongous Register: 0.0 ms]
      [Humongous Reclaim: 0.0 ms]
      [Free CSet: 0.3 ms]
   [Eden: 46.0M(46.0M)->0.0B(48.0M) Survivors: 5120.0K->3072.0K Heap: 182.6M(1024.0M)->134.6M(1024.0M)]
 [Times: user=0.01 sys=0.00, real=0.02 secs] 
2017-06-07T09:35:25.432+0800: 17.990: [GC pause (G1 Evacuation Pause) (young), 0.0063077 secs]
   [Parallel Time: 5.7 ms, GC Workers: 1]
      [GC Worker Start (ms):  17989.9]
      [Ext Root Scanning (ms):  1.4]
      [Update RS (ms):  0.2]
         [Processed Buffers:  8]
      [Scan RS (ms):  0.5]
      [Code Root Scanning (ms):  0.3]
      [Object Copy (ms):  3.1]
      [Termination (ms):  0.0]
         [Termination Attempts:  1]
      [GC Worker Other (ms):  0.0]
      [GC Worker Total (ms):  5.5]
      [GC Worker End (ms):  17995.4]
   [Code Root Fixup: 0.1 ms]
   [Code Root Purge: 0.0 ms]
   [Clear CT: 0.0 ms]
   [Other: 0.4 ms]
      [Choose CSet: 0.0 ms]
      [Ref Proc: 0.2 ms]
      [Ref Enq: 0.0 ms]
      [Redirty Cards: 0.0 ms]
      [Humongous Register: 0.0 ms]
      [Humongous Reclaim: 0.0 ms]
      [Free CSet: 0.0 ms]
   [Eden: 48.0M(48.0M)->0.0B(48.0M) Survivors: 3072.0K->3072.0K Heap: 182.6M(1024.0M)->134.6M(1024.0M)]
 [Times: user=0.00 sys=0.00, real=0.00 secs] 
Heap
 garbage-first heap   total 1048576K, used 148025K [0x00000000c0000000, 0x00000000c0102000, 0x0000000100000000)
  region size 1024K, 14 young (14336K), 3 survivors (3072K)
 Metaspace       used 24581K, capacity 26881K, committed 26952K, reserved 1073152K
  class space    used 3449K, capacity 3654K, committed 3712K, reserved 1048576K
